// Jest Snapshot v1, https://goo.gl/fbAQLP

exports[`<Routes /> component should save a snapshot 1`] = `
<Switch>
  <Route
    component={[Function]}
    exact={true}
    path="/"
  />
  <Route
    component={[Function]}
    path="/dashboard"
  />
  <Route
    component={[Function]}
  />
</Switch>
`;
